[debug] [2026-07-08T19:46:59.512Z] : 
[debug] [2026-07-08T19:46:59.516Z] : ----------------------------------------------------------------------
[debug] [2026-07-08T19:46:59.517Z] : Command:      C:\Program Files\nodejs\node.exe C:\Users\Faiz\AppData\Roaming\npm\node_modules\zcatalyst-cli\lib\bin\catalyst.js serve
[debug] [2026-07-08T19:46:59.518Z] : CLI Version:  1.26.2
[debug] [2026-07-08T19:46:59.518Z] : Platform:     win32
[debug] [2026-07-08T19:46:59.518Z] : Node Version: v22.17.1
[debug] [2026-07-08T19:46:59.519Z] : Time:         Thu Jul 09 2026 01:16:59 GMT+0530 (India Standard Time)
[debug] [2026-07-08T19:46:59.519Z] : ----------------------------------------------------------------------
[debug] [2026-07-08T19:46:59.519Z] : 
[debug] [2026-07-08T19:47:44.304Z] : 
[debug] [2026-07-08T19:47:44.307Z] : ----------------------------------------------------------------------
[debug] [2026-07-08T19:47:44.308Z] : Command:      C:\Program Files\nodejs\node.exe C:\Users\Faiz\AppData\Roaming\npm\node_modules\zcatalyst-cli\lib\bin\catalyst.js serve
[debug] [2026-07-08T19:47:44.308Z] : CLI Version:  1.26.2
[debug] [2026-07-08T19:47:44.308Z] : Platform:     win32
[debug] [2026-07-08T19:47:44.309Z] : Node Version: v22.17.1
[debug] [2026-07-08T19:47:44.309Z] : Time:         Thu Jul 09 2026 01:17:44 GMT+0530 (India Standard Time)
[debug] [2026-07-08T19:47:44.309Z] : ----------------------------------------------------------------------
[debug] [2026-07-08T19:47:44.309Z] : 
[debug] [2026-07-08T19:49:17.291Z] : 
[debug] [2026-07-08T19:49:17.293Z] : ----------------------------------------------------------------------
[debug] [2026-07-08T19:49:17.294Z] : Command:      C:\Program Files\nodejs\node.exe C:\Users\Faiz\AppData\Roaming\npm\node_modules\zcatalyst-cli\lib\bin\catalyst.js serve
[debug] [2026-07-08T19:49:17.294Z] : CLI Version:  1.26.2
[debug] [2026-07-08T19:49:17.294Z] : Platform:     win32
[debug] [2026-07-08T19:49:17.294Z] : Node Version: v22.17.1
[debug] [2026-07-08T19:49:17.294Z] : Time:         Thu Jul 09 2026 01:19:17 GMT+0530 (India Standard Time)
[debug] [2026-07-08T19:49:17.294Z] : ----------------------------------------------------------------------
[debug] [2026-07-08T19:49:17.294Z] : 
[debug] [2026-07-08T19:53:11.710Z] : 
[debug] [2026-07-08T19:53:11.712Z] : ----------------------------------------------------------------------
[debug] [2026-07-08T19:53:11.712Z] : Command:      C:\Program Files\nodejs\node.exe C:\Users\Faiz\AppData\Roaming\npm\node_modules\zcatalyst-cli\lib\bin\catalyst.js serve
[debug] [2026-07-08T19:53:11.713Z] : CLI Version:  1.26.2
[debug] [2026-07-08T19:53:11.713Z] : Platform:     win32
[debug] [2026-07-08T19:53:11.713Z] : Node Version: v22.17.1
[debug] [2026-07-08T19:53:11.713Z] : Time:         Thu Jul 09 2026 01:23:11 GMT+0530 (India Standard Time)
[debug] [2026-07-08T19:53:11.713Z] : ----------------------------------------------------------------------
[debug] [2026-07-08T19:53:11.713Z] : 
